#
# There is insufficient memory for the Java Runtime Environment to continue.
# Native memory allocation (malloc) failed to allocate 3861336 bytes. Error detail: Chunk::new
# Possible reasons:
#   The system is out of physical RAM or swap space
#   This process is running with CompressedOops enabled, and the Java Heap may be blocking the growth of the native heap
# Possible solutions:
#   Reduce memory load on the system
#   Increase physical memory or swap space
#   Check if swap backing store is full
#   Decrease Java heap size (-Xmx/-Xms)
#   Decrease number of Java threads
#   Decrease Java thread stack sizes (-Xss)
#   Set larger code cache with -XX:ReservedCodeCacheSize=
#   JVM is running with Unscaled Compressed Oops mode in which the Java heap is
#     placed in the first 4GB address space. The Java Heap base address is the
#     maximum limit for the native heap growth. Please use -XX:HeapBaseMinAddress
#     to set the Java Heap base and to place the Java Heap above 4GB virtual address.
# This output file may be truncated or incomplete.
#
#  Out of Memory Error (arena.cpp:186), pid=20212, tid=20688
#
# JRE version: OpenJDK Runtime Environment (25.0.2) (build 25.0.2+-15348964-b329.117)
# Java VM: OpenJDK 64-Bit Server VM (25.0.2+-15348964-b329.117, mixed mode, tiered, compressed oops, compressed class ptrs, g1 gc, windows-amd64)
# No core dump will be written. Minidumps are not enabled by default on client versions of Windows
#

---------------  S U M M A R Y ------------

Command Line: org.jetbrains.kotlin.cli.jvm.K2JVMCompiler @C:\Users\Pili\AndroidStudioProjects\Proyecto_mobil\app\build\20260916_6830063485330819301.compiler.options

Host: AMD Ryzen 5 4500U with Radeon Graphics         , 6 cores, 7G,  Windows 11 , 64 bit Build 26100 (10.0.26100.8875)
Time: Wed Sep 16 12:20:04 2026 Hora est. Pacífico, Sudamérica elapsed time: 7.870567 seconds (0d 0h 0m 7s)

---------------  T H R E A D  ---------------

Current thread (0x0000023a911b7390):  JavaThread "C2 CompilerThread0" daemon [_thread_in_native, id=20688, stack(0x000000762a400000,0x000000762a500000) (1024K)]


Current CompileTask:
C2:7870 11856       4       org.jetbrains.org.objectweb.asm.tree.analysis.Frame::execute (2125 bytes)

Stack: [0x000000762a400000,0x000000762a500000]
Native frames: (J=compiled Java code, j=interpreted, Vv=VM code, C=native code)
V  [jvm.dll+0x7bd439]  (no source info available)
V  [jvm.dll+0x78763d]  (no source info available)
V  [jvm.dll+0xa0c885]  (no source info available)
V  [jvm.dll+0xa0ef04]  (no source info available)
V  [jvm.dll+0xa0f603]  (no source info available)
V  [jvm.dll+0x309bf6]  (no source info available)
V  [jvm.dll+0x10ea69]  (no source info available)
V  [jvm.dll+0x10ed92]  (no source info available)
V  [jvm.dll+0x1a9837]  (no source info available)
V  [jvm.dll+0x3bec92]  (no source info available)
V  [jvm.dll+0x7c2cb7]  (no source info available)
V  [jvm.dll+0x2ce046]  (no source info available)
V  [jvm.dll+0x2cd221]  (no source info available)
V  [jvm.dll+0x242ffa]  (no source info available)
V  [jvm.dll+0x2dcc05]  (no source info available)
V  [jvm.dll+0x2dae06]  (no source info available)
V  [jvm.dll+0x49b59e]  (no source info available)
V  [jvm.dll+0x9ab9c8]  (no source info available)
V  [jvm.dll+0x7bb985]  (no source info available)
C  [ucrtbase.dll+0x2cd30]  (no source info available)
C  [KERNEL32.DLL+0x2e957]  (no source info available)
C  [ntdll.dll+0xaad6c]  (no source info available)

Lock stack of current Java thread (top to bottom):


---------------  P R O C E S S  ---------------

Threads class SMR info:
_java_thread_list=0x0000023a9135a390, length=12, elements={
0x0000023af7a31330, 0x0000023a911a40a0, 0x0000023a911de2a0, 0x0000023a911b27a0,
0x0000023a911eefc0, 0x0000023a911ef780, 0x0000023a911bdf20, 0x0000023a911beae0,
0x0000023a911b7390, 0x0000023a911f8350, 0x0000023a91381590, 0x0000023a913f7490
}

Java Threads: ( => current thread )
  0x0000023af7a31330 JavaThread "main"                              [_thread_in_Java, id=19380, stack(0x0000007629500000,0x0000007629600000) (1024K)]
  0x0000023a911a40a0 JavaThread "Common-Cleaner"             daemon [_thread_blocked, id=19424, stack(0x0000007629d00000,0x0000007629e00000) (1024K)]
  0x0000023a911de2a0 JavaThread "Reference Handler"          daemon [_thread_blocked, id=11072, stack(0x0000007629e00000,0x0000007629f00000) (1024K)]
  0x0000023a911b27a0 JavaThread "Finalizer"                  daemon [_thread_blocked, id=21348, stack(0x0000007629f00000,0x000000762a000000) (1024K)]
  0x0000023a911eefc0 JavaThread "Signal Dispatcher"          daemon [_thread_blocked, id=15480, stack(0x000000762a000000,0x000000762a100000) (1024K)]
  0x0000023a911ef780 JavaThread "Attach Listener"            daemon [_thread_blocked, id=18984, stack(0x000000762a100000,0x000000762a200000) (1024K)]
  0x0000023a911bdf20 JavaThread "Service Thread"             daemon [_thread_blocked, id=20732, stack(0x000000762a200000,0x000000762a300000) (1024K)]
  0x0000023a911beae0 JavaThread "Monitor Deflation Thread"   daemon [_thread_blocked, id=332, stack(0x000000762a300000,0x000000762a400000) (1024K)]
=>0x0000023a911b7390 JavaThread "C2 CompilerThread0"         daemon [_thread_in_native, id=20688, stack(0x000000762a400000,0x000000762a500000) (1024K)]
  0x0000023a911f8350 JavaThread "C1 CompilerThread0"         daemon [_thread_blocked, id=14476, stack(0x000000762a500000,0x000000762a600000) (1024K)]
  0x0000023a91381590 JavaThread "Notification Thread"        daemon [_thread_blocked, id=19852, stack(0x000000762a600000,0x000000762a700000) (1024K)]
  0x0000023a913f7490 JavaThread "C2 CompilerThread1"         daemon [_thread_in_native, id=4372, stack(0x000000762a700000,0x000000762a800000) (1024K)]
Total: 12

Other Threads:
  0x0000023a91180440 VMThread "VM Thread"                           [id=17692, stack(0x0000007629c00000,0x0000007629d00000) (1024K)]
  0x0000023a911437c0 WatcherThread "VM Periodic Task Thread"        [id=6892, stack(0x0000007629b00000,0x0000007629c00000) (1024K)]
  0x0000023af7c86b60 WorkerThread "GC Thread#0"                     [id=14796, stack(0x0000007629600000,0x0000007629700000) (1024K)]
  0x0000023a96323380 WorkerThread "GC Thread#1"                     [id=20648, stack(0x000000762a800000,0x000000762a900000) (1024K)]
  0x0000023a963765b0 WorkerThread "GC Thread#2"                     [id=16984, stack(0x000000762a900000,0x000000762aa00000) (1024K)]
  0x0000023a963769e0 WorkerThread "GC Thread#3"                     [id=20048, stack(0x000000762aa00000,0x000000762ab00000) (1024K)]
  0x0000023a96377a30 WorkerThread "GC Thread#4"                     [id=6240, stack(0x000000762ab00000,0x000000762ac00000) (1024K)]
  0x0000023a96377e60 WorkerThread "GC Thread#5"                     [id=6648, stack(0x000000762ac00000,0x000000762ad00000) (1024K)]
  0x0000023af7cbaf20 ConcurrentGCThread "G1 Main Marker"            [id=21676, stack(0x0000007629700000,0x0000007629800000) (1024K)]
  0x0000023af7cbc060 WorkerThread "G1 Conc#0"                       [id=18716, stack(0x0000007629800000,0x0000007629900000) (1024K)]
  0x0000023a96344170 WorkerThread "G1 Conc#1"                       [id=3448, stack(0x000000762ad00000,0x000000762ae00000) (1024K)]
  0x0000023a9101b190 ConcurrentGCThread "G1 Refine#0"               [id=5260, stack(0x0000007629900000,0x0000007629a00000) (1024K)]
  0x0000023a9101ca60 ConcurrentGCThread "G1 Service"                [id=21184, stack(0x0000007629a00000,0x0000007629b00000) (1024K)]
Total: 13

Threads with active compile tasks:
C2 CompilerThread0  7962 11856       4       org.jetbrains.org.objectweb.asm.tree.analysis.Frame::execute (2125 bytes)
C1 CompilerThread0  7962 11991       3       org.jetbrains.kotlin.codegen.optimization.common.UtilKt::removeUnusedLocalVariables (461 bytes)
C2 CompilerThread1  7962 11298       4       org.jetbrains.org.objectweb.asm.ClassReader::accept (1401 bytes)
Total: 3

VM state: not at safepoint (normal execution)

VM Mutex/Monitor currently owned by a thread: None

Heap address: 0x000000008a200000, size: 1886 MB, Compressed Oops mode: 32-bit

CDS archive(s) not mapped
Compressed class space mapped at: 0x0000000024000000-0x0000000064000000, reserved size: 1073741824
UseCompressedClassPointers 1, UseCompactObjectHeaders 0
Narrow klass pointer bits 32, Max shift 3
Narrow klass base: 0x0000000000000000, Narrow klass shift: 0
Encoding Range: [0x0000000000000000 - 0x0000000100000000), (4294967296 bytes)
Klass Range:    [0x0000000024000000 - 0x0000000064000000), (1073741824 bytes)
Klass ID Range:  [603979776 - 1677721593) (1073741817)
No protection zone.

GC Precious Log:
 CardTable entry size: 512
 Card Set container configuration: InlinePtr #cards 5 size 8 Array Of Cards #cards 10 size 36 Howl #buckets 4 coarsen threshold 1843 Howl Bitmap #cards 512 size 80 coarsen threshold 460 Card regions per heap region 1 cards per card region 2048
 CPUs: 6 total, 6 available
 Memory: 7542M
 Large Page Support: Disabled
 NUMA Support: Disabled
 Compressed Oops: Enabled (32-bit)
 Heap Region Size: 1M
 Heap Min Capacity: 8M
 Heap Initial Capacity: 118M
 Heap Max Capacity: 1886M
 Pre-touch: Disabled
 Parallel Workers: 6
 Concurrent Workers: 2
 Concurrent Refinement Workers: 6
 Periodic GC: Disabled

Heap:
 garbage-first heap   total reserved 1931264K, committed 177152K, used 128976K [0x000000008a200000, 0x0000000100000000)
  region size 1024K, 47 young (48128K), 5 survivors (5120K)

Heap Regions: E=young(eden), S=young(survivor), O=old, HS=humongous(starts), HC=humongous(continues), CS=collection set, F=free, TAMS=top-at-mark-start, PB=parsable bottom
|   0|0x000000008a200000, 0x000000008a300000, 0x000000008a300000|100%|HS|  |TAMS 0x000000008a200000| PB 0x000000008a200000| Complete |  0
|   1|0x000000008a300000, 0x000000008a400000, 0x000000008a400000|100%|HC|  |TAMS 0x000000008a300000| PB 0x000000008a300000| Complete |  0
|   2|0x000000008a400000, 0x000000008a500000, 0x000000008a500000|100%|HC|  |TAMS 0x000000008a400000| PB 0x000000008a400000| Complete |  0
|   3|0x000000008a500000, 0x000000008a600000, 0x000000008a600000|100%| O|  |TAMS 0x000000008a500000| PB 0x000000008a500000| Untracked |  0
|   4|0x000000008a600000, 0x000000008a700000, 0x000000008a700000|100%| O|  |TAMS 0x000000008a600000| PB 0x000000008a600000| Untracked |  0
|   5|0x000000008a700000, 0x000000008a800000, 0x000000008a800000|100%| O|  |TAMS 0x000000008a700000| PB 0x000000008a700000| Untracked |  0
|   6|0x000000008a800000, 0x000000008a900000, 0x000000008a900000|100%| O|  |TAMS 0x000000008a800000| PB 0x000000008a800000| Untracked |  0
|   7|0x000000008a900000, 0x000000008aa00000, 0x000000008aa00000|100%| O|  |TAMS 0x000000008a900000| PB 0x000000008a900000| Untracked |  0
|   8|0x000000008aa00000, 0x000000008ab00000, 0x000000008ab00000|100%| O|  |TAMS 0x000000008aa00000| PB 0x000000008aa00000| Untracked |  0
|   9|0x000000008ab00000, 0x000000008ac00000, 0x000000008ac00000|100%| O|  |TAMS 0x000000008ab00000| PB 0x000000008ab00000| Untracked |  0
|  10|0x000000008ac00000, 0x000000008ad00000, 0x000000008ad00000|100%| O|  |TAMS 0x000000008ac00000| PB 0x000000008ac00000| Untracked |  0
|  11|0x000000008ad00000, 0x000000008ae00000, 0x000000008ae00000|100%| O|  |TAMS 0x000000008ad00000| PB 0x000000008ad00000| Untracked |  0
|  12|0x000000008ae00000, 0x000000008af00000, 0x000000008af00000|100%| O|  |TAMS 0x000000008ae00000| PB 0x000000008ae00000| Untracked |  0
|  13|0x000000008af00000, 0x000000008b000000, 0x000000008b000000|100%| O|  |TAMS 0x000000008af00000| PB 0x000000008af00000| Untracked |  0
|  14|0x000000008b000000, 0x000000008b100000, 0x000000008b100000|100%| O|  |TAMS 0x000000008b000000| PB 0x000000008b000000| Untracked |  0
|  15|0x000000008b100000, 0x000000008b200000, 0x000000008b200000|100%| O|  |TAMS 0x000000008b100000| PB 0x000000008b100000| Untracked |  0
|  16|0x000000008b200000, 0x000000008b300000, 0x000000008b300000|100%| O|  |TAMS 0x000000008b200000| PB 0x000000008b200000| Untracked |  0
|  17|0x000000008b300000, 0x000000008b400000, 0x000000008b400000|100%|HS|  |TAMS 0x000000008b300000| PB 0x000000008b300000| Complete |  0
|  18|0x000000008b400000, 0x000000008b500000, 0x000000008b500000|100%| O|  |TAMS 0x000000008b400000| PB 0x000000008b400000| Untracked |  0
|  19|0x000000008b500000, 0x000000008b600000, 0x000000008b600000|100%| O|  |TAMS 0x000000008b500000| PB 0x000000008b500000| Untracked |  0
|  20|0x000000008b600000, 0x000000008b700000, 0x000000008b700000|100%| O|  |TAMS 0x000000008b600000| PB 0x000000008b600000| Untracked |  0
|  21|0x000000008b700000, 0x000000008b800000, 0x000000008b800000|100%| O|  |TAMS 0x000000008b700000| PB 0x000000008b700000| Untracked |  0
|  22|0x000000008b800000, 0x000000008b900000, 0x000000008b900000|100%| O|  |TAMS 0x000000008b800000| PB 0x000000008b800000| Untracked |  0
|  23|0x000000008b900000, 0x000000008ba00000, 0x000000008ba00000|100%| O|  |TAMS 0x000000008b900000| PB 0x000000008b900000| Untracked |  0
|  24|0x000000008ba00000, 0x000000008bb00000, 0x000000008bb00000|100%| O|  |TAMS 0x000000008ba00000| PB 0x000000008ba00000| Untracked |  0
|  25|0x000000008bb00000, 0x000000008bc00000, 0x000000008bc00000|100%| O|  |TAMS 0x000000008bb00000| PB 0x000000008bb00000| Untracked |  0
|  26|0x000000008bc00000, 0x000000008bd00000, 0x000000008bd00000|100%| O|  |TAMS 0x000000008bc00000| PB 0x000000008bc00000| Untracked |  0
|  27|0x000000008bd00000, 0x000000008be00000, 0x000000008be00000|100%| O|  |TAMS 0x000000008bd00000| PB 0x000000008bd00000| Untracked |  0
|  28|0x000000008be00000, 0x000000008bf00000, 0x000000008bf00000|100%| O|  |TAMS 0x000000008be00000| PB 0x000000008be00000| Untracked |  0
|  29|0x000000008bf00000, 0x000000008c000000, 0x000000008c000000|100%| O|  |TAMS 0x000000008bf00000| PB 0x000000008bf00000| Untracked |  0
|  30|0x000000008c000000, 0x000000008c100000, 0x000000008c100000|100%| O|  |TAMS 0x000000008c000000| PB 0x000000008c000000| Untracked |  0
|  31|0x000000008c100000, 0x000000008c200000, 0x000000008c200000|100%| O|  |TAMS 0x000000008c100000| PB 0x000000008c100000| Untracked |  0
|  32|0x000000008c200000, 0x000000008c300000, 0x000000008c300000|100%| O|  |TAMS 0x000000008c200000| PB 0x000000008c200000| Untracked |  0
|  33|0x000000008c300000, 0x000000008c400000, 0x000000008c400000|100%| O|  |TAMS 0x000000008c300000| PB 0x000000008c300000| Untracked |  0
|  34|0x000000008c400000, 0x000000008c500000, 0x000000008c500000|100%| O|  |TAMS 0x000000008c400000| PB 0x000000008c400000| Untracked |  0
|  35|0x000000008c500000, 0x000000008c600000, 0x000000008c600000|100%| O|  |TAMS 0x000000008c500000| PB 0x000000008c500000| Untracked |  0
|  36|0x000000008c600000, 0x000000008c700000, 0x000000008c700000|100%| O|  |TAMS 0x000000008c600000| PB 0x000000008c600000| Untracked |  0
|  37|0x000000008c700000, 0x000000008c800000, 0x000000008c800000|100%| O|  |TAMS 0x000000008c700000| PB 0x000000008c700000| Untracked |  0
|  38|0x000000008c800000, 0x000000008c900000, 0x000000008c900000|100%| O|  |TAMS 0x000000008c800000| PB 0x000000008c800000| Untracked |  0
|  39|0x000000008c900000, 0x000000008ca00000, 0x000000008ca00000|100%| O|  |TAMS 0x000000008c900000| PB 0x000000008c900000| Untracked |  0
|  40|0x000000008ca00000, 0x000000008cb00000, 0x000000008cb00000|100%| O|  |TAMS 0x000000008ca00000| PB 0x000000008ca00000| Untracked |  0
|  41|0x000000008cb00000, 0x000000008cc00000, 0x000000008cc00000|100%| O|  |TAMS 0x000000008cb00000| PB 0x000000008cb00000| Untracked |  0
|  42|0x000000008cc00000, 0x000000008cd00000, 0x000000008cd00000|100%| O|  |TAMS 0x000000008cc00000| PB 0x000000008cc00000| Untracked |  0
|  43|0x000000008cd00000, 0x000000008ce00000, 0x000000008ce00000|100%| O|  |TAMS 0x000000008cd00000| PB 0x000000008cd00000| Untracked |  0
|  44|0x000000008ce00000, 0x000000008cf00000, 0x000000008cf00000|100%| O|  |TAMS 0x000000008ce00000| PB 0x000000008ce00000| Untracked |  0
|  45|0x000000008cf00000, 0x000000008d000000, 0x000000008d000000|100%| O|  |TAMS 0x000000008cf00000| PB 0x000000008cf00000| Untracked |  0
|  46|0x000000008d000000, 0x000000008d100000, 0x000000008d100000|100%| O|  |TAMS 0x000000008d000000| PB 0x000000008d000000| Untracked |  0
|  47|0x000000008d100000, 0x000000008d200000, 0x000000008d200000|100%| O|Cm|TAMS 0x000000008d100000| PB 0x000000008d100000| Complete |  0
|  48|0x000000008d200000, 0x000000008d300000, 0x000000008d300000|100%| O|  |TAMS 0x000000008d200000| PB 0x000000008d200000| Untracked |  0
|  49|0x000000008d300000, 0x000000008d400000, 0x000000008d400000|100%| O|  |TAMS 0x000000008d300000| PB 0x000000008d300000| Untracked |  0
|  50|0x000000008d400000, 0x000000008d500000, 0x000000008d500000|100%| O|  |TAMS 0x000000008d400000| PB 0x000000008d400000| Untracked |  0
|  51|0x000000008d500000, 0x000000008d600000, 0x000000008d600000|100%| O|  |TAMS 0x000000008d500000| PB 0x000000008d500000| Untracked |  0
|  52|0x000000008d600000, 0x000000008d700000, 0x000000008d700000|100%| O|  |TAMS 0x000000008d600000| PB 0x000000008d600000| Untracked |  0
|  53|0x000000008d700000, 0x000000008d800000, 0x000000008d800000|100%| O|  |TAMS 0x000000008d700000| PB 0x000000008d700000| Untracked |  0
|  54|0x000000008d800000, 0x000000008d900000, 0x000000008d900000|100%| O|  |TAMS 0x000000008d800000| PB 0x000000008d800000| Untracked |  0
|  55|0x000000008d900000, 0x000000008da00000, 0x000000008da00000|100%| O|  |TAMS 0x000000008d900000| PB 0x000000008d900000| Untracked |  0
|  56|0x000000008da00000, 0x000000008db00000, 0x000000008db00000|100%| O|  |TAMS 0x000000008da00000| PB 0x000000008da00000| Untracked |  0
|  57|0x000000008db00000, 0x000000008dc00000, 0x000000008dc00000|100%| O|  |TAMS 0x000000008db00000| PB 0x000000008db00000| Untracked |  0
|  58|0x000000008dc00000, 0x000000008dd00000, 0x000000008dd00000|100%| O|  |TAMS 0x000000008dc00000| PB 0x000000008dc00000| Untracked |  0
|  59|0x000000008dd00000, 0x000000008de00000, 0x000000008de00000|100%| O|  |TAMS 0x000000008dd00000| PB 0x000000008dd00000| Untracked |  0
|  60|0x000000008de00000, 0x000000008df00000, 0x000000008df00000|100%| O|  |TAMS 0x000000008de00000| PB 0x000000008de00000| Untracked |  0
|  61|0x000000008df00000, 0x000000008e000000, 0x000000008e000000|100%| O|  |TAMS 0x000000008df00000| PB 0x000000008df00000| Untracked |  0
|  62|0x000000008e000000, 0x000000008e100000, 0x000000008e100000|100%| O|  |TAMS 0x000000008e000000| PB 0x000000008e000000| Untracked |  0
|  63|0x000000008e100000, 0x000000008e200000, 0x000000008e200000|100%| O|  |TAMS 0x000000008e100000| PB 0x000000008e100000| Untracked |  0
|  64|0x000000008e200000, 0x000000008e300000, 0x000000008e300000|100%| O|  |TAMS 0x000000008e200000| PB 0x000000008e200000| Untracked |  0
|  65|0x000000008e300000, 0x000000008e400000, 0x000000008e400000|100%| O|  |TAMS 0x000000008e300000| PB 0x000000008e300000| Untracked |  0
|  66|0x000000008e400000, 0x000000008e500000, 0x000000008e500000|100%| O|Cm|TAMS 0x000000008e400000| PB 0x000000008e400000| Complete |  0
|  67|0x000000008e500000, 0x000000008e600000, 0x000000008e600000|100%| O|  |TAMS 0x000000008e500000| PB 0x000000008e500000| Untracked |  0
|  68|0x000000008e600000, 0x000000008e700000, 0x000000008e700000|100%| O|  |TAMS 0x000000008e600000| PB 0x000000008e600000| Untracked |  0
|  69|0x000000008e700000, 0x000000008e800000, 0x000000008e800000|100%| O|  |TAMS 0x000000008e700000| PB 0x000000008e700000| Untracked |  0
|  70|0x000000008e800000, 0x000000008e900000, 0x000000008e900000|100%| O|  |TAMS 0x000000008e800000| PB 0x000000008e800000| Untracked |  0
|  71|0x000000008e900000, 0x000000008ea00000, 0x000000008ea00000|100%| O|  |TAMS 0x000000008e900000| PB 0x000000008e900000| Untracked |  0
|  72|0x000000008ea00000, 0x000000008eb00000, 0x000000008eb00000|100%| O|  |TAMS 0x000000008ea00000| PB 0x000000008ea00000| Untracked |  0
|  73|0x000000008eb00000, 0x000000008ec00000, 0x000000008ec00000|100%| O|  |TAMS 0x000000008eb00000| PB 0x000000008eb00000| Untracked |  0
|  74|0x000000008ec00000, 0x000000008ec80000, 0x000000008ed00000| 50%| O|  |TAMS 0x000000008ec00000| PB 0x000000008ec00000| Untracked |  0
|  75|0x000000008ed00000, 0x000000008ed00000, 0x000000008ee00000|  0%| F|  |TAMS 0x000000008ed00000| PB 0x000000008ed00000| Untracked |  0
|  76|0x000000008ee00000, 0x000000008ee00000, 0x000000008ef00000|  0%| F|  |TAMS 0x000000008ee00000| PB 0x000000008ee00000| Untracked |  0
|  77|0x000000008ef00000, 0x000000008ef00000, 0x000000008f000000|  0%| F|  |TAMS 0x000000008ef00000| PB 0x000000008ef00000| Untracked |  0
|  78|0x000000008f000000, 0x000000008f000000, 0x000000008f100000|  0%| F|  |TAMS 0x000000008f000000| PB 0x000000008f000000| Untracked |  0
|  79|0x000000008f100000, 0x000000008f100000, 0x000000008f200000|  0%| F|  |TAMS 0x000000008f100000| PB 0x000000008f100000| Untracked |  0
|  80|0x000000008f200000, 0x000000008f200000, 0x000000008f300000|  0%| F|  |TAMS 0x000000008f200000| PB 0x000000008f200000| Untracked |  0
|  81|0x000000008f300000, 0x000000008f300000, 0x000000008f400000|  0%| F|  |TAMS 0x000000008f300000| PB 0x000000008f300000| Untracked |  0
|  82|0x000000008f400000, 0x000000008f400000, 0x000000008f500000|  0%| F|  |TAMS 0x000000008f400000| PB 0x000000008f400000| Untracked |  0
|  83|0x000000008f500000, 0x000000008f500000, 0x000000008f600000|  0%| F|  |TAMS 0x000000008f500000| PB 0x000000008f500000| Untracked |  0
|  84|0x000000008f600000, 0x000000008f600000, 0x000000008f700000|  0%| F|  |TAMS 0x000000008f600000| PB 0x000000008f600000| Untracked |  0
|  85|0x000000008f700000, 0x000000008f700000, 0x000000008f800000|  0%| F|  |TAMS 0x000000008f700000| PB 0x000000008f700000| Untracked |  0
|  86|0x000000008f800000, 0x000000008f800000, 0x000000008f900000|  0%| F|  |TAMS 0x000000008f800000| PB 0x000000008f800000| Untracked |  0
|  87|0x000000008f900000, 0x000000008f900000, 0x000000008fa00000|  0%| F|  |TAMS 0x000000008f900000| PB 0x000000008f900000| Untracked |  0
|  88|0x000000008fa00000, 0x000000008fa00000, 0x000000008fb00000|  0%| F|  |TAMS 0x000000008fa00000| PB 0x000000008fa00000| Untracked |  0
|  89|0x000000008fb00000, 0x000000008fb00000, 0x000000008fc00000|  0%| F|  |TAMS 0x000000008fb00000| PB 0x000000008fb00000| Untracked |  0
|  90|0x000000008fc00000, 0x000000008fc00000, 0x000000008fd00000|  0%| F|  |TAMS 0x000000008fc00000| PB 0x000000008fc00000| Untracked |  0
|  91|0x000000008fd00000, 0x000000008fd00000, 0x000000008fe00000|  0%| F|  |TAMS 0x000000008fd00000| PB 0x000000008fd00000| Untracked |  0
|  92|0x000000008fe00000, 0x000000008fe740a0, 0x000000008ff00000| 45%| S|CS|TAMS 0x000000008fe00000| PB 0x000000008fe00000| Complete |  0
|  93|0x000000008ff00000, 0x0000000090000000, 0x0000000090000000|100%| S|CS|TAMS 0x000000008ff00000| PB 0x000000008ff00000| Complete |  0
|  94|0x0000000090000000, 0x0000000090100000, 0x0000000090100000|100%| S|CS|TAMS 0x0000000090000000| PB 0x0000000090000000| Complete |  0
|  95|0x0000000090100000, 0x0000000090200000, 0x0000000090200000|100%| S|CS|TAMS 0x0000000090100000| PB 0x0000000090100000| Complete |  0
|  96|0x0000000090200000, 0x0000000090300000, 0x0000000090300000|100%| S|CS|TAMS 0x0000000090200000| PB 0x0000000090200000| Complete |  0
|  97|0x0000000090300000, 0x0000000090300000, 0x0000000090400000|  0%| F|  |TAMS 0x0000000090300000| PB 0x0000000090300000| Untracked |  0
|  98|0x0000000090400000, 0x0000000090400000, 0x0000000090500000|  0%| F|  |TAMS 0x0000000090400000| PB 0x0000000090400000| Untracked |  0
|  99|0x0000000090500000, 0x0000000090500000, 0x0000000090600000|  0%| F|  |TAMS 0x0000000090500000| PB 0x0000000090500000| Untracked |  0
| 100|0x0000000090600000, 0x0000000090600000, 0x0000000090700000|  0%| F|  |TAMS 0x0000000090600000| PB 0x0000000090600000| Untracked |  0
| 101|0x0000000090700000, 0x0000000090700000, 0x0000000090800000|  0%| F|  |TAMS 0x0000000090700000| PB 0x0000000090700000| Untracked |  0
| 102|0x0000000090800000, 0x0000000090800000, 0x0000000090900000|  0%| F|  |TAMS 0x0000000090800000| PB 0x0000000090800000| Untracked |  0
| 103|0x0000000090900000, 0x0000000090900000, 0x0000000090a00000|  0%| F|  |TAMS 0x0000000090900000| PB 0x0000000090900000| Untracked |  0
| 104|0x0000000090a00000, 0x0000000090a00000, 0x0000000090b00000|  0%| F|  |TAMS 0x0000000090a00000| PB 0x0000000090a00000| Untracked |  0
| 105|0x0000000090b00000, 0x0000000090b00000, 0x0000000090c00000|  0%| F|  |TAMS 0x0000000090b00000| PB 0x0000000090b00000| Untracked |  0
| 106|0x0000000090c00000, 0x0000000090c00000, 0x0000000090d00000|  0%| F|  |TAMS 0x0000000090c00000| PB 0x0000000090c00000| Untracked |  0
| 107|0x0000000090d00000, 0x0000000090d00000, 0x0000000090e00000|  0%| F|  |TAMS 0x0000000090d00000| PB 0x0000000090d00000| Untracked |  0
| 108|0x0000000090e00000, 0x0000000090e00000, 0x0000000090f00000|  0%| F|  |TAMS 0x0000000090e00000| PB 0x0000000090e00000| Untracked |  0
| 109|0x0000000090f00000, 0x0000000090f00000, 0x0000000091000000|  0%| F|  |TAMS 0x0000000090f00000| PB 0x0000000090f00000| Untracked |  0
| 110|0x0000000091000000, 0x0000000091000000, 0x0000000091100000|  0%| F|  |TAMS 0x0000000091000000| PB 0x0000000091000000| Untracked |  0
| 111|0x0000000091100000, 0x0000000091100000, 0x0000000091200000|  0%| F|  |TAMS 0x0000000091100000| PB 0x0000000091100000| Untracked |  0
| 112|0x0000000091200000, 0x0000000091200000, 0x0000000091300000|  0%| F|  |TAMS 0x0000000091200000| PB 0x0000000091200000| Untracked |  0
| 113|0x0000000091300000, 0x0000000091300000, 0x0000000091400000|  0%| F|  |TAMS 0x0000000091300000| PB 0x0000000091300000| Untracked |  0
| 114|0x0000000091400000, 0x0000000091400000, 0x0000000091500000|  0%| F|  |TAMS 0x0000000091400000| PB 0x0000000091400000| Untracked |  0
| 115|0x0000000091500000, 0x0000000091500000, 0x0000000091600000|  0%| F|  |TAMS 0x0000000091500000| PB 0x0000000091500000| Untracked |  0
| 116|0x0000000091600000, 0x0000000091600000, 0x0000000091700000|  0%| F|  |TAMS 0x0000000091600000| PB 0x0000000091600000| Untracked |  0
| 117|0x0000000091700000, 0x0000000091700000, 0x0000000091800000|  0%| F|  |TAMS 0x0000000091700000| PB 0x0000000091700000| Untracked |  0
| 118|0x0000000091800000, 0x0000000091800000, 0x0000000091900000|  0%| F|  |TAMS 0x0000000091800000| PB 0x0000000091800000| Untracked |  0
| 119|0x0000000091900000, 0x0000000091900000, 0x0000000091a00000|  0%| F|  |TAMS 0x0000000091900000| PB 0x0000000091900000| Untracked |  0
| 120|0x0000000091a00000, 0x0000000091a00000, 0x0000000091b00000|  0%| F|  |TAMS 0x0000000091a00000| PB 0x0000000091a00000| Untracked |  0
| 121|0x0000000091b00000, 0x0000000091b00000, 0x0000000091c00000|  0%| F|  |TAMS 0x0000000091b00000| PB 0x0000000091b00000| Untracked |  0
| 122|0x0000000091c00000, 0x0000000091c00000, 0x0000000091d00000|  0%| F|  |TAMS 0x0000000091c00000| PB 0x0000000091c00000| Untracked |  0
| 123|0x0000000091d00000, 0x0000000091d00000, 0x0000000091e00000|  0%| F|  |TAMS 0x0000000091d00000| PB 0x0000000091d00000| Untracked |  0
| 124|0x0000000091e00000, 0x0000000091e80000, 0x0000000091f00000| 50%| E|  |TAMS 0x0000000091e00000| PB 0x0000000091e00000| Complete |  0
| 125|0x0000000091f00000, 0x0000000092000000, 0x0000000092000000|100%| E|CS|TAMS 0x0000000091f00000| PB 0x0000000091f00000| Complete |  0
| 126|0x0000000092000000, 0x0000000092100000, 0x0000000092100000|100%| E|CS|TAMS 0x0000000092000000| PB 0x0000000092000000| Complete |  0
| 127|0x0000000092100000, 0x0000000092200000, 0x0000000092200000|100%| E|CS|TAMS 0x0000000092100000| PB 0x0000000092100000| Complete |  0
| 128|0x0000000092200000, 0x0000000092300000, 0x0000000092300000|100%| E|CS|TAMS 0x0000000092200000| PB 0x0000000092200000| Complete |  0
| 129|0x0000000092300000, 0x0000000092400000, 0x0000000092400000|100%| E|CS|TAMS 0x0000000092300000| PB 0x0000000092300000| Complete |  0
| 130|0x0000000092400000, 0x0000000092500000, 0x0000000092500000|100%| E|CS|TAMS 0x0000000092400000| PB 0x0000000092400000| Complete |  0
| 131|0x0000000092500000, 0x0000000092600000, 0x0000000092600000|100%| E|CS|TAMS 0x0000000092500000| PB 0x0000000092500000| Complete |  0
| 132|0x0000000092600000, 0x0000000092700000, 0x0000000092700000|100%| E|CS|TAMS 0x0000000092600000| PB 0x0000000092600000| Complete |  0
| 133|0x0000000092700000, 0x0000000092800000, 0x0000000092800000|100%| E|CS|TAMS 0x0000000092700000| PB 0x0000000092700000| Complete |  0
| 134|0x0000000092800000, 0x0000000092900000, 0x0000000092900000|100%| E|CS|TAMS 0x0000000092800000| PB 0x0000000092800000| Complete |  0
| 135|0x0000000092900000, 0x0000000092a00000, 0x0000000092a00000|100%| E|CS|TAMS 0x0000000092900000| PB 0x0000000092900000| Complete |  0
| 136|0x0000000092a00000, 0x0000000092b00000, 0x0000000092b00000|100%| E|CS|TAMS 0x0000000092a00000| PB 0x0000000092a00000| Complete |  0
| 137|0x0000000092b00000, 0x0000000092c00000, 0x0000000092c00000|100%| E|CS|TAMS 0x0000000092b00000| PB 0x0000000092b00000| Complete |  0
| 138|0x0000000092c00000, 0x0000000092d00000, 0x0000000092d00000|100%| E|CS|TAMS 0x0000000092c00000| PB 0x0000000092c00000| Complete |  0
| 139|0x0000000092d00000, 0x0000000092e00000, 0x0000000092e00000|100%| E|CS|TAMS 0x0000000092d00000| PB 0x0000000092d00000| Complete |  0
| 140|0x0000000092e00000, 0x0000000092f00000, 0x0000000092f00000|100%| E|CS|TAMS 0x0000000092e00000| PB 0x0000000092e00000| Complete |  0
| 141|0x0000000092f00000, 0x0000000093000000, 0x0000000093000000|100%| E|CS|TAMS 0x0000000092f00000| PB 0x0000000092f00000| Complete |  0
| 142|0x0000000093000000, 0x0000000093100000, 0x0000000093100000|100%| E|CS|TAMS 0x0000000093000000| PB 0x0000000093000000| Complete |  0
| 143|0x0000000093100000, 0x0000000093200000, 0x0000000093200000|100%| E|CS|TAMS 0x0000000093100000| PB 0x0000000093100000| Complete |  0
| 144|0x0000000093200000, 0x0000000093300000, 0x0000000093300000|100%| E|CS|TAMS 0x0000000093200000| PB 0x0000000093200000| Complete |  0
| 145|0x0000000093300000, 0x0000000093400000, 0x0000000093400000|100%| E|CS|TAMS 0x0000000093300000| PB 0x0000000093300000| Complete |  0
| 146|0x0000000093400000, 0x0000000093500000, 0x0000000093500000|100%| E|CS|TAMS 0x0000000093400000| PB 0x0000000093400000| Complete |  0
| 147|0x0000000093500000, 0x0000000093600000, 0x0000000093600000|100%| E|CS|TAMS 0x0000000093500000| PB 0x0000000093500000| Complete |  0
| 148|0x0000000093600000, 0x0000000093700000, 0x0000000093700000|100%| E|CS|TAMS 0x0000000093600000| PB 0x0000000093600000| Complete |  0
| 149|0x0000000093700000, 0x0000000093800000, 0x0000000093800000|100%| E|CS|TAMS 0x0000000093700000| PB 0x0000000093700000| Complete |  0
| 150|0x0000000093800000, 0x0000000093900000, 0x0000000093900000|100%| E|CS|TAMS 0x0000000093800000| PB 0x0000000093800000| Complete |  0
| 151|0x0000000093900000, 0x0000000093a00000, 0x0000000093a00000|100%| E|CS|TAMS 0x0000000093900000| PB 0x0000000093900000| Complete |  0
| 152|0x0000000093a00000, 0x0000000093b00000, 0x0000000093b00000|100%| E|CS|TAMS 0x0000000093a00000| PB 0x0000000093a00000| Complete |  0
| 153|0x0000000093b00000, 0x0000000093c00000, 0x0000000093c00000|100%| E|CS|TAMS 0x0000000093b00000| PB 0x0000000093b00000| Complete |  0
| 154|0x0000000093c00000, 0x0000000093d00000, 0x0000000093d00000|100%| E|CS|TAMS 0x0000000093c00000| PB 0x0000000093c00000| Complete |  0
| 155|0x0000000093d00000, 0x0000000093e00000, 0x0000000093e00000|100%| E|CS|TAMS 0x0000000093d00000| PB 0x0000000093d00000| Complete |  0
| 156|0x0000000093e00000, 0x0000000093f00000, 0x0000000093f00000|100%| E|CS|TAMS 0x0000000093e00000| PB 0x0000000093e00000| Complete |  0
| 157|0x0000000093f00000, 0x0000000094000000, 0x0000000094000000|100%| E|CS|TAMS 0x0000000093f00000| PB 0x0000000093f00000| Complete |  0
| 158|0x0000000094000000, 0x0000000094100000, 0x0000000094100000|100%| E|CS|TAMS 0x0000000094000000| PB 0x0000000094000000| Complete |  0
| 159|0x0000000094100000, 0x0000000094200000, 0x0000000094200000|100%| E|CS|TAMS 0x0000000094100000| PB 0x0000000094100000| Complete |  0
| 160|0x0000000094200000, 0x0000000094300000, 0x0000000094300000|100%| E|CS|TAMS 0x0000000094200000| PB 0x0000000094200000| Complete |  0
| 161|0x0000000094300000, 0x0000000094400000, 0x0000000094400000|100%| E|CS|TAMS 0x0000000094300000| PB 0x0000000094300000| Complete |  0
| 162|0x0000000094400000, 0x0000000094500000, 0x0000000094500000|100%| E|CS|TAMS 0x0000000094400000| PB 0x0000000094400000| Complete |  0
| 163|0x0000000094500000, 0x0000000094600000, 0x0000000094600000|100%| E|CS|TAMS 0x0000000094500000| PB 0x0000000094500000| Complete |  0
| 164|0x0000000094600000, 0x0000000094700000, 0x0000000094700000|100%| E|CS|TAMS 0x0000000094600000| PB 0x0000000094600000| Complete |  0
| 165|0x0000000094700000, 0x0000000094800000, 0x0000000094800000|100%| E|CS|TAMS 0x0000000094700000| PB 0x0000000094700000| Complete |  0
| 166|0x0000000094800000, 0x0000000094900000, 0x0000000094900000|100%| E|CS|TAMS 0x0000000094800000| PB 0x0000000094800000| Complete |  0
|1880|0x00000000ffa00000, 0x00000000ffb00000, 0x00000000ffb00000|100%| O|  |TAMS 0x00000000ffa00000| PB 0x00000000ffa00000| Untracked |  0
|1881|0x00000000ffb00000, 0x00000000ffc00000, 0x00000000ffc00000|100%| O|  |TAMS 0x00000000ffb00000| PB 0x00000000ffb00000| Untracked |  0
|1882|0x00000000ffc00000, 0x00000000ffd00000, 0x00000000ffd00000|100%| O|  |TAMS 0x00000000ffc00000| PB 0x00000000ffc00000| Untracked |  0
|1883|0x00000000ffd00000, 0x00000000ffe00000, 0x00000000ffe00000|100%| O|  |TAMS 0x00000000ffd00000| PB 0x00000000ffd00000| Untracked |  0
|1884|0x00000000ffe00000, 0x00000000fff00000, 0x00000000fff00000|100%| O|  |TAMS 0x00000000ffe00000| PB 0x00000000ffe00000| Untracked |  0
|1885|0x00000000fff00000, 0x0000000100000000, 0x0000000100000000|100%| O|  |TAMS 0x00000000fff00000| PB 0x00000000fff00000| Untracked |  0

Card table byte_map: [0x0000023afd650000,0x0000023afda00000] _byte_map_base: 0x0000023afd1ff000

Marking Bits: (CMBitMap*) 0x0000023af7c870f0
 Bits: [0x0000023afda00000, 0x0000023aff778000)

Polling page: 0x0000023af8050000

Metaspace:
Metaspace        used 81186K, committed 81536K, reserved 1179648K
 class space     used 9356K, committed 9472K, reserved 1048576K

Usage:
  Non-class:     70.15 MB used.
      Class:      9.14 MB used.
       Both:     79.28 MB used.

Virtual space:
  Non-class space:      128.00 MB reserved,      70.38 MB ( 55%) committed,  2 nodes.
      Class space:        1.00 GB reserved,       9.25 MB ( <1%) committed,  1 nodes.
             Both:        1.12 GB reserved,      79.62 MB (  7%) committed. 

Chunk freelists:
   Non-Class:  9.64 MB
       Class:  6.77 MB
        Both:  16.41 MB

MaxMetaspaceSize: unlimited
CompressedClassSpaceSize: 1.00 GB
Initial GC threshold: 21.00 MB
Current GC threshold: 123.12 MB
CDS: off
 - commit_granule_bytes: 65536.
 - commit_granule_words: 8192.
 - virtual_space_node_default_size: 8388608.
 - enlarge_chunks_in_place: 1.
UseCompressedClassPointers 1, UseCompactObjectHeaders 0
Narrow klass pointer bits 32, Max shift 3
Narrow klass base: 0x0000000000000000, Narrow klass shift: 0
Encoding Range: [0x0000000000000000 - 0x0000000100000000), (4294967296 bytes)
Klass Range:    [0x0000000024000000 - 0x0000000064000000), (1073741824 bytes)
Klass ID Range:  [603979776 - 1677721593) (1073741817)
No protection zone.


Internal statistics:

num_allocs_failed_limit: 6.
num_arena_births: 376.
num_arena_deaths: 0.
num_vsnodes_births: 3.
num_vsnodes_deaths: 0.
num_space_committed: 1274.
num_space_uncommitted: 0.
num_chunks_returned_to_freelist: 6.
num_chunks_taken_from_freelist: 2819.
num_chunk_merges: 6.
num_chunk_splits: 2387.
num_chunks_enlarged: 2193.
num_inconsistent_stats: 0.

CodeHeap 'non-profiled nmethods': size=120064Kb used=4594Kb max_used=4594Kb free=115469Kb
 bounds [0x0000023a87ac0000, 0x0000023a87f40000, 0x0000023a8f000000]
CodeHeap 'profiled nmethods': size=120000Kb used=28324Kb max_used=28324Kb free=91675Kb
 bounds [0x0000023a80000000, 0x0000023a81bb0000, 0x0000023a87530000]
CodeHeap 'non-nmethods': size=5696Kb used=1730Kb max_used=1842Kb free=3965Kb
 bounds [0x0000023a87530000, 0x0000023a877a0000, 0x0000023a87ac0000]
CodeCache: size=245760Kb, used=34648Kb, max_used=34760Kb, free=211109Kb
 total_blobs=12089, nmethods=11236, adapters=752, full_count=0
Compilation: enabled, stopped_count=0, restarted_count=0

Compilation events (20 events):
Event: 7.862 Thread 0x0000023a911f8350 nmethod 11880 0x0000023a81b53808 code [0x0000023a81b53900, 0x0000023a81b53ca0]
Event: 7.862 Thread 0x0000023a911f8350 11881       3       org.jetbrains.kotlin.ir.types.IrTypePredicatesKt::isClassWithFqName (36 bytes)
Event: 7.863 Thread 0x0000023a911f8350 nmethod 11881 0x0000023a81b53d08 code [0x0000023a81b53e00, 0x0000023a81b54a70]
Event: 7.863 Thread 0x0000023a911f8350 11882       3       org.jetbrains.org.objectweb.asm.tree.JumpInsnNode::accept (21 bytes)
Event: 7.864 Thread 0x0000023a911f8350 nmethod 11882 0x0000023a81b54b08 code [0x0000023a81b54c00, 0x0000023a81b55098]
Event: 7.864 Thread 0x0000023a911f8350 11883       3       org.jetbrains.kotlin.backend.jvm.ir.JvmIrCoroutineUtilsKt::isInvokeSuspendOfContinuation (49 bytes)
Event: 7.864 Thread 0x0000023a911f8350 nmethod 11883 0x0000023a81b55108 code [0x0000023a81b55200, 0x0000023a81b563a0]
Event: 7.864 Thread 0x0000023a911f8350 11884       3       org.jetbrains.kotlin.codegen.inline.SMAP$$Lambda/0x00000000248cc118::invoke (15 bytes)
Event: 7.865 Thread 0x0000023a911f8350 nmethod 11884 0x0000023a81b56408 code [0x0000023a81b56500, 0x0000023a81b57078]
Event: 7.865 Thread 0x0000023a911f8350 11885       3       org.jetbrains.kotlin.codegen.inline.SMAP::findRange$lambda$2 (25 bytes)
Event: 7.865 Thread 0x0000023a911f8350 nmethod 11885 0x0000023a81b57108 code [0x0000023a81b57200, 0x0000023a81b579f8]
Event: 7.865 Thread 0x0000023a911f8350 11886       3       org.jetbrains.kotlin.com.intellij.util.containers.LinkedCustomHashMap$Entry::access$502 (7 bytes)
Event: 7.865 Thread 0x0000023a911f8350 nmethod 11886 0x0000023a81b57a88 code [0x0000023a81b57b80, 0x0000023a81b57cc0]
Event: 7.865 Thread 0x0000023a911f8350 11887       3       kotlin.collections.CollectionsKt___CollectionsJvmKt::reverse (11 bytes)
Event: 7.866 Thread 0x0000023a911f8350 nmethod 11887 0x0000023a81b57d88 code [0x0000023a81b57e80, 0x0000023a81b58450]
Event: 7.868 Thread 0x0000023a911f8350 11888       3       java.lang.invoke.Invokers$Holder::linkToTargetMethod (9 bytes)
Event: 7.868 Thread 0x0000023a911f8350 nmethod 11888 0x0000023a81b58488 code [0x0000023a81b58580, 0x0000023a81b588a8]
Event: 7.868 Thread 0x0000023a911f8350 11889       3       java.lang.invoke.DirectMethodHandle$Holder::newInvokeSpecial (21 bytes)
Event: 7.868 Thread 0x0000023a911f8350 nmethod 11889 0x0000023a81b58908 code [0x0000023a81b58a00, 0x0000023a81b59090]
Event: 7.869 Thread 0x0000023a911f8350 11890       3       org.jetbrains.kotlin.codegen.StackValue::coerce (434 bytes)

GC Heap Usage History (20 events):
Event: 2.699 {heap Before GC invocations=15 (full 0):
 garbage-first heap   total reserved 1931264K, committed 70656K, used 55725K [0x000000008a200000, 0x0000000100000000)
  region size 1024K, 23 young (23552K), 2 survivors (2048K)
}
Event: 2.708 {heap After GC invocations=16 (full 0):
 garbage-first heap   total reserved 1931264K, committed 70656K, used 40863K [0x000000008a200000, 0x0000000100000000)
  region size 1024K, 3 young (3072K), 3 survivors (3072K)
}
Event: 2.972 {heap Before GC invocations=17 (full 0):
 garbage-first heap   total reserved 1931264K, committed 70656K, used 57247K [0x000000008a200000, 0x0000000100000000)
  region size 1024K, 20 young (20480K), 3 survivors (3072K)
}
Event: 2.978 {heap After GC invocations=18 (full 0):
 garbage-first heap   total reserved 1931264K, committed 70656K, used 43020K [0x000000008a200000, 0x0000000100000000)
  region size 1024K, 2 young (2048K), 2 survivors (2048K)
}
Event: 3.299 {heap Before GC invocations=18 (full 0):
 garbage-first heap   total reserved 1931264K, committed 70656K, used 59404K [0x000000008a200000, 0x0000000100000000)
  region size 1024K, 18 young (18432K), 2 survivors (2048K)
}
Event: 3.309 {heap After GC invocations=19 (full 0):
 garbage-first heap   total reserved 1931264K, committed 70656K, used 46381K [0x000000008a200000, 0x0000000100000000)
  region size 1024K, 3 young (3072K), 3 survivors (3072K)
}
Event: 3.630 {heap Before GC invocations=19 (full 0):
 garbage-first heap   total reserved 1931264K, committed 70656K, used 59693K [0x000000008a200000, 0x0000000100000000)
  region size 1024K, 17 young (17408K), 3 survivors (3072K)
}
Event: 3.641 {heap After GC invocations=20 (full 0):
 garbage-first heap   total reserved 1931264K, committed 70656K, used 49679K [0x000000008a200000, 0x0000000100000000)
  region size 1024K, 3 young (3072K), 3 survivors (3072K)
}
Event: 3.920 {heap Before GC invocations=21 (full 0):
 garbage-first heap   total reserved 1931264K, committed 83968K, used 61967K [0x000000008a200000, 0x0000000100000000)
  region size 1024K, 15 young (15360K), 3 survivors (3072K)
}
Event: 3.927 {heap After GC invocations=22 (full 0):
 garbage-first heap   total reserved 1931264K, committed 83968K, used 52096K [0x000000008a200000, 0x0000000100000000)
  region size 1024K, 2 young (2048K), 2 survivors (2048K)
}
Event: 4.193 {heap Before GC invocations=22 (full 0):
 garbage-first heap   total reserved 1931264K, committed 83968K, used 71552K [0x000000008a200000, 0x0000000100000000)
  region size 1024K, 21 young (21504K), 2 survivors (2048K)
}
Event: 4.205 {heap After GC invocations=23 (full 0):
 garbage-first heap   total reserved 1931264K, committed 146432K, used 56320K [0x000000008a200000, 0x0000000100000000)
  region size 1024K, 3 young (3072K), 3 survivors (3072K)
}
Event: 5.146 {heap Before GC invocations=23 (full 0):
 garbage-first heap   total reserved 1931264K, committed 146432K, used 109568K [0x000000008a200000, 0x0000000100000000)
  region size 1024K, 55 young (56320K), 3 survivors (3072K)
}
Event: 5.159 {heap After GC invocations=24 (full 0):
 garbage-first heap   total reserved 1931264K, committed 146432K, used 64512K [0x000000008a200000, 0x0000000100000000)
  region size 1024K, 7 young (7168K), 7 survivors (7168K)
}
Event: 5.860 {heap Before GC invocations=24 (full 0):
 garbage-first heap   total reserved 1931264K, committed 146432K, used 113664K [0x000000008a200000, 0x0000000100000000)
  region size 1024K, 55 young (56320K), 7 survivors (7168K)
}
Event: 5.874 {heap After GC invocations=25 (full 0):
 garbage-first heap   total reserved 1931264K, committed 146432K, used 72085K [0x000000008a200000, 0x0000000100000000)
  region size 1024K, 7 young (7168K), 7 survivors (7168K)
}
Event: 6.351 {heap Before GC invocations=25 (full 0):
 garbage-first heap   total reserved 1931264K, committed 146432K, used 119189K [0x000000008a200000, 0x0000000100000000)
  region size 1024K, 53 young (54272K), 7 survivors (7168K)
}
Event: 6.367 {heap After GC invocations=26 (full 0):
 garbage-first heap   total reserved 1931264K, committed 146432K, used 81831K [0x000000008a200000, 0x0000000100000000)
  region size 1024K, 7 young (7168K), 7 survivors (7168K)
}
Event: 7.098 {heap Before GC invocations=26 (full 0):
 garbage-first heap   total reserved 1931264K, committed 146432K, used 122791K [0x000000008a200000, 0x0000000100000000)
  region size 1024K, 47 young (48128K), 7 survivors (7168K)
}
Event: 7.112 {heap After GC invocations=27 (full 0):
 garbage-first heap   total reserved 1931264K, committed 177152K, used 86992K [0x000000008a200000, 0x0000000100000000)
  region size 1024K, 5 young (5120K), 5 survivors (5120K)
}

Metaspace Usage History (20 events):
Event: 2.699 {metaspace Before GC invocations=15 (full 0):
 Metaspace       used 50805K, committed 51136K, reserved 1114112K
  class space    used 6302K, committed 6464K, reserved 1048576K
}
Event: 2.708 {metaspace After GC invocations=16 (full 0):
 Metaspace       used 50805K, committed 51136K, reserved 1114112K
  class space    used 6302K, committed 6464K, reserved 1048576K
}
Event: 2.972 {metaspace Before GC invocations=17 (full 0):
 Metaspace       used 54286K, committed 54592K, reserved 1114112K
  class space    used 6739K, committed 6848K, reserved 1048576K
}
Event: 2.978 {metaspace After GC invocations=18 (full 0):
 Metaspace       used 54286K, committed 54592K, reserved 1114112K
  class space    used 6739K, committed 6848K, reserved 1048576K
}
Event: 3.299 {metaspace Before GC invocations=18 (full 0):
 Metaspace       used 55760K, committed 56064K, reserved 1114112K
  class space    used 6944K, committed 7104K, reserved 1048576K
}
Event: 3.309 {metaspace After GC invocations=19 (full 0):
 Metaspace       used 55760K, committed 56064K, reserved 1114112K
  class space    used 6944K, committed 7104K, reserved 1048576K
}
Event: 3.630 {metaspace Before GC invocations=19 (full 0):
 Metaspace       used 56588K, committed 56960K, reserved 1114112K
  class space    used 7009K, committed 7168K, reserved 1048576K
}
Event: 3.641 {metaspace After GC invocations=20 (full 0):
 Metaspace       used 56588K, committed 56960K, reserved 1114112K
  class space    used 7009K, committed 7168K, reserved 1048576K
}
Event: 3.920 {metaspace Before GC invocations=21 (full 0):
 Metaspace       used 57100K, committed 57408K, reserved 1114112K
  class space    used 7027K, committed 7168K, reserved 1048576K
}
Event: 3.927 {metaspace After GC invocations=22 (full 0):
 Metaspace       used 57100K, committed 57408K, reserved 1114112K
  class space    used 7027K, committed 7168K, reserved 1048576K
}
Event: 4.193 {metaspace Before GC invocations=22 (full 0):
 Metaspace       used 57517K, committed 57792K, reserved 1114112K
  class space    used 7044K, committed 7168K, reserved 1048576K
}
Event: 4.205 {metaspace After GC invocations=23 (full 0):
 Metaspace       used 57517K, committed 57792K, reserved 1114112K
  class space    used 7044K, committed 7168K, reserved 1048576K
}
Event: 5.146 {metaspace Before GC invocations=23 (full 0):
 Metaspace       used 61822K, committed 62144K, reserved 1114112K
  class space    used 7425K, committed 7552K, reserved 1048576K
}
Event: 5.159 {metaspace After GC invocations=24 (full 0):
 Metaspace       used 61822K, committed 62144K, reserved 1114112K
  class space    used 7425K, committed 7552K, reserved 1048576K
}
Event: 5.860 {metaspace Before GC invocations=24 (full 0):
 Metaspace       used 67990K, committed 68288K, reserved 1114112K
  class space    used 8026K, committed 8128K, reserved 1048576K
}
Event: 5.874 {metaspace After GC invocations=25 (full 0):
 Metaspace       used 67990K, committed 68288K, reserved 1114112K
  class space    used 8026K, committed 8128K, reserved 1048576K
}
Event: 6.351 {metaspace Before GC invocations=25 (full 0):
 Metaspace       used 69068K, committed 69312K, reserved 1114112K
  class space    used 8099K, committed 8192K, reserved 1048576K
}
Event: 6.367 {metaspace After GC invocations=26 (full 0):
 Metaspace       used 69068K, committed 69312K, reserved 1114112K
  class space    used 8099K, committed 8192K, reserved 1048576K
}
Event: 7.099 {metaspace Before GC invocations=26 (full 0):
 Metaspace       used 74998K, committed 75328K, reserved 1179648K
  class space    used 8757K, committed 8896K, reserved 1048576K
}
Event: 7.112 {metaspace After GC invocations=27 (full 0):
 Metaspace       used 74998K, committed 75328K, reserved 1179648K
  class space    used 8757K, committed 8896K, reserved 1048576K
}

Dll operation events (3 events):
Event: 0.010 Loaded shared library C:\Program Files\Android\Android Studio\jbr\bin\java.dll
Event: 0.015 Loaded shared library C:\Program Files\Android\Android Studio\jbr\bin\zip.dll
Event: 1.099 Loaded shared library C:\Program Files\Android\Android Studio\jbr\bin\verify.dll

Deoptimization events (20 events):
Event: 7.826 Thread 0x0000023af7a31330 Uncommon trap: trap_request=0xffffffc6 fr.pc=0x0000023a87f342d0 relative=0x0000000000001050
Event: 7.826 Thread 0x0000023af7a31330 Uncommon trap: reason=bimorphic_or_optimized_type_check action=maybe_recompile pc=0x0000023a87f342d0 method=org.jetbrains.org.objectweb.asm.tree.analysis.Frame.execute(Lorg/jetbrains/org/objectweb/asm/tree/AbstractInsnNode;Lorg/jetbrains/org/objectweb/asm
Event: 7.826 Thread 0x0000023af7a31330 DEOPT PACKING pc=0x0000023a87f342d0 sp=0x00000076295fd090
Event: 7.826 Thread 0x0000023af7a31330 DEOPT UNPACKING pc=0x0000023a87648582 sp=0x00000076295fd018 mode 2
Event: 7.831 Thread 0x0000023af7a31330 Uncommon trap: trap_request=0xffffffc6 fr.pc=0x0000023a87f24a94 relative=0x0000000000000614
Event: 7.831 Thread 0x0000023af7a31330 Uncommon trap: reason=bimorphic_or_optimized_type_check action=maybe_recompile pc=0x0000023a87f24a94 method=org.jetbrains.kotlin.codegen.optimization.common.FastAnalyzer.fullMergeControlFlowEdge(ILorg/jetbrains/org/objectweb/asm/tree/analysis/Frame;Z)V @ 
Event: 7.831 Thread 0x0000023af7a31330 DEOPT PACKING pc=0x0000023a87f24a94 sp=0x00000076295fdbe0
Event: 7.831 Thread 0x0000023af7a31330 DEOPT UNPACKING pc=0x0000023a87648582 sp=0x00000076295fdb38 mode 2
Event: 7.831 Thread 0x0000023af7a31330 Uncommon trap: trap_request=0xffffffc6 fr.pc=0x0000023a87f24a94 relative=0x0000000000000614
Event: 7.831 Thread 0x0000023af7a31330 Uncommon trap: reason=bimorphic_or_optimized_type_check action=maybe_recompile pc=0x0000023a87f24a94 method=org.jetbrains.kotlin.codegen.optimization.common.FastAnalyzer.fullMergeControlFlowEdge(ILorg/jetbrains/org/objectweb/asm/tree/analysis/Frame;Z)V @ 
Event: 7.831 Thread 0x0000023af7a31330 DEOPT PACKING pc=0x0000023a87f24a94 sp=0x00000076295fdbe0
Event: 7.831 Thread 0x0000023af7a31330 DEOPT UNPACKING pc=0x0000023a87648582 sp=0x00000076295fdb38 mode 2
Event: 7.831 Thread 0x0000023af7a31330 Uncommon trap: trap_request=0xffffffc6 fr.pc=0x0000023a87f24a94 relative=0x0000000000000614
Event: 7.831 Thread 0x0000023af7a31330 Uncommon trap: reason=bimorphic_or_optimized_type_check action=maybe_recompile pc=0x0000023a87f24a94 method=org.jetbrains.kotlin.codegen.optimization.common.FastAnalyzer.fullMergeControlFlowEdge(ILorg/jetbrains/org/objectweb/asm/tree/analysis/Frame;Z)V @ 
Event: 7.831 Thread 0x0000023af7a31330 DEOPT PACKING pc=0x0000023a87f24a94 sp=0x00000076295fdbe0
Event: 7.831 Thread 0x0000023af7a31330 DEOPT UNPACKING pc=0x0000023a87648582 sp=0x00000076295fdb38 mode 2
Event: 7.831 Thread 0x0000023af7a31330 Uncommon trap: trap_request=0xffffffc6 fr.pc=0x0000023a87f24a94 relative=0x0000000000000614
Event: 7.831 Thread 0x0000023af7a31330 Uncommon trap: reason=bimorphic_or_optimized_type_check action=maybe_recompile pc=0x0000023a87f24a94 method=org.jetbrains.kotlin.codegen.optimization.common.FastAnalyzer.fullMergeControlFlowEdge(ILorg/jetbrains/org/objectweb/asm/tree/analysis/Frame;Z)V @ 
Event: 7.831 Thread 0x0000023af7a31330 DEOPT PACKING pc=0x0000023a87f24a94 sp=0x00000076295fdbe0
Event: 7.831 Thread 0x0000023af7a31330 DEOPT UNPACKING pc=0x0000023a87648582 sp=0x00000076295fdb38 mode 2

Classes loaded (20 events):
Event: 4.746 Loading class java/util/EnumMap$EntryIterator
Event: 4.746 Loading class java/util/EnumMap$EnumMapIterator
Event: 4.746 Loading class java/util/EnumMap$EnumMapIterator done
Event: 4.746 Loading class java/util/EnumMap$EntryIterator done
Event: 4.746 Loading class java/util/EnumMap$EntryIterator$Entry
Event: 4.746 Loading class java/util/EnumMap$EntryIterator$Entry done
Event: 6.316 Loading class java/lang/Short$ShortCache
Event: 6.316 Loading class java/lang/Short$ShortCache done
Event: 6.497 Loading class java/util/Collections$SynchronizedMap
Event: 6.497 Loading class java/util/Collections$SynchronizedMap done
Event: 6.695 Loading class java/util/regex/Pattern$StartS
Event: 6.695 Loading class java/util/regex/Pattern$StartS done
Event: 7.354 Loading class java/lang/TypeNotPresentException
Event: 7.355 Loading class java/lang/TypeNotPresentException done
Event: 7.387 Loading class java/util/function/ToIntFunction
Event: 7.387 Loading class java/util/function/ToIntFunction done
Event: 7.550 Loading class java/util/Vector$Itr
Event: 7.551 Loading class java/util/Vector$Itr done
Event: 7.661 Loading class java/util/regex/Pattern$Dollar
Event: 7.661 Loading class java/util/regex/Pattern$Dollar done

Classes unloaded (0 events):
No events

Classes redefined (0 events):
No events

Internal exceptions (20 events):
Event: 4.880 Thread 0x0000023af7a31330 Exception <a 'java/lang/NoSuchMethodError'{0x0000000090e1b428}: 'java.lang.Object java.lang.invoke.Invokers$Holder.linkToTargetMethod(java.lang.Object, int, java.lang.Object, java.lang.Object, java.lang.Object, java.lang.Object)'> (0x0000000090e1b428) 
thrown [s\src\hotspot\share\interpreter\linkResolver.cpp, line 815]
Event: 5.422 Thread 0x0000023af7a31330 Implicit null exception at 0x0000023a87af8336 to 0x0000023a87af8a24
Event: 5.424 Thread 0x0000023af7a31330 Implicit null exception at 0x0000023a87af70b6 to 0x0000023a87af77c4
Event: 5.590 Thread 0x0000023af7a31330 Exception <a 'java/lang/NoSuchMethodError'{0x000000009058adf8}: 'java.lang.Object java.lang.invoke.DirectMethodHandle$Holder.newInvokeSpecial(java.lang.Object, java.lang.Object, java.lang.Object, java.lang.Object, java.lang.Object, java.lang.Object, java.lang.Object, java.lang.Object, int)'> (0x000000009058adf8) 
thrown [s\src\hotspot\share\interpreter\linkResolver.cpp, line 815]
Event: 5.590 Thread 0x0000023af7a31330 Exception <a 'java/lang/NoSuchMethodError'{0x00000000905947f0}: 'java.lang.Object java.lang.invoke.DirectMethodHandle$Holder.invokeSpecial(java.lang.Object, java.lang.Object, java.lang.Object, java.lang.Object, java.lang.Object, java.lang.Object, java.lang.Object, java.lang.Object, java.lang.Object, int)'> (0x00000000905947f0) 
thrown [s\src\hotspot\share\interpreter\linkResolver.cpp, line 815]
Event: 5.678 Thread 0x0000023af7a31330 Exception <a 'java/lang/NoSuchMethodError'{0x00000000902228f0}: 'java.lang.Object java.lang.invoke.DirectMethodHandle$Holder.invokeStatic(java.lang.Object, java.lang.Object, int, int)'> (0x00000000902228f0) 
thrown [s\src\hotspot\share\interpreter\linkResolver.cpp, line 815]
Event: 6.547 Thread 0x0000023af7a31330 Exception <a 'java/lang/NoSuchMethodError'{0x0000000091dcaf30}: 'java.lang.Object java.lang.invoke.DirectMethodHandle$Holder.newInvokeSpecial(java.lang.Object, int, java.lang.Object, int)'> (0x0000000091dcaf30) 
thrown [s\src\hotspot\share\interpreter\linkResolver.cpp, line 815]
Event: 6.547 Thread 0x0000023af7a31330 Exception <a 'java/lang/NoSuchMethodError'{0x0000000091dd3668}: 'java.lang.Object java.lang.invoke.DirectMethodHandle$Holder.invokeSpecial(java.lang.Object, java.lang.Object, int, java.lang.Object, int)'> (0x0000000091dd3668) 
thrown [s\src\hotspot\share\interpreter\linkResolver.cpp, line 815]
Event: 6.930 Thread 0x0000023af7a31330 Exception <a 'java/lang/NoSuchMethodError'{0x0000000090acbee8}: 'java.lang.Object java.lang.invoke.DirectMethodHandle$Holder.invokeStatic(java.lang.Object, java.lang.Object, int, java.lang.Object)'> (0x0000000090acbee8) 
thrown [s\src\hotspot\share\interpreter\linkResolver.cpp, line 815]
Event: 6.932 Thread 0x0000023af7a31330 Exception <a 'java/lang/NoSuchMethodError'{0x0000000090add100}: 'java.lang.Object java.lang.invoke.DirectMethodHandle$Holder.invokeStatic(java.lang.Object, java.lang.Object, java.lang.Object, java.lang.Object, int, java.lang.Object)'> (0x0000000090add100) 
thrown [s\src\hotspot\share\interpreter\linkResolver.cpp, line 815]
Event: 6.932 Thread 0x0000023af7a31330 Exception <a 'java/lang/NoSuchMethodError'{0x0000000090aeebf0}: 'java.lang.Object java.lang.invoke.DirectMethodHandle$Holder.newInvokeSpecial(java.lang.Object, java.lang.Object, java.lang.Object, java.lang.Object, int, java.lang.Object)'> (0x0000000090aeebf0) 
thrown [s\src\hotspot\share\interpreter\linkResolver.cpp, line 815]
Event: 6.933 Thread 0x0000023af7a31330 Exception <a 'java/lang/NoSuchMethodError'{0x0000000090aff440}: 'java.lang.Object java.lang.invoke.Invokers$Holder.linkToTargetMethod(java.lang.Object, java.lang.Object, java.lang.Object, int, java.lang.Object, java.lang.Object)'> (0x0000000090aff440) 
thrown [s\src\hotspot\share\interpreter\linkResolver.cpp, line 815]
Event: 7.094 Thread 0x0000023af7a31330 Exception <a 'java/lang/NoSuchMethodError'{0x00000000903db030}: 'int java.lang.invoke.DirectMethodHandle$Holder.invokeStatic(java.lang.Object, int, java.lang.Object)'> (0x00000000903db030) 
thrown [s\src\hotspot\share\interpreter\linkResolver.cpp, line 815]
Event: 7.125 Thread 0x0000023af7a31330 Exception <a 'java/lang/NoSuchMethodError'{0x0000000094858a30}: 'java.lang.Object java.lang.invoke.DirectMethodHandle$Holder.invokeStaticInit(java.lang.Object, java.lang.Object, int, java.lang.Object)'> (0x0000000094858a30) 
thrown [s\src\hotspot\share\interpreter\linkResolver.cpp, line 815]
Event: 7.439 Thread 0x0000023af7a31330 Exception <a 'java/lang/NoSuchMethodError'{0x000000009358c378}: 'java.lang.Object java.lang.invoke.DirectMethodHandle$Holder.invokeStatic(java.lang.Object, int, int)'> (0x000000009358c378) 
thrown [s\src\hotspot\share\interpreter\linkResolver.cpp, line 815]
Event: 7.494 Thread 0x0000023af7a31330 Exception <a 'java/lang/NoSuchMethodError'{0x000000009323d178}: 'java.lang.Object java.lang.invoke.DirectMethodHandle$Holder.newInvokeSpecial(java.lang.Object, java.lang.Object, java.lang.Object, java.lang.Object, int, int, int, java.lang.Object)'> (0x000000009323d178) 
thrown [s\src\hotspot\share\interpreter\linkResolver.cpp, line 815]
Event: 7.595 Thread 0x0000023af7a31330 Exception <a 'java/lang/NoSuchMethodError'{0x0000000092dd85f8}: 'java.lang.Object java.lang.invoke.DirectMethodHandle$Holder.invokeStatic(java.lang.Object, java.lang.Object, java.lang.Object, java.lang.Object, java.lang.Object, int)'> (0x0000000092dd85f8) 
thrown [s\src\hotspot\share\interpreter\linkResolver.cpp, line 815]
Event: 7.745 Thread 0x0000023af7a31330 Exception <a 'java/lang/NoSuchMethodError'{0x00000000927dd4e0}: 'java.lang.Object java.lang.invoke.DirectMethodHandle$Holder.invokeStatic(java.lang.Object, java.lang.Object, java.lang.Object, java.lang.Object, java.lang.Object, int, java.lang.Object, java.lang.Object)'> (0x00000000927dd4e0) 
thrown [s\src\hotspot\share\interpreter\linkResolver.cpp, line 815]
Event: 7.746 Thread 0x0000023af7a31330 Exception <a 'java/lang/NoSuchMethodError'{0x00000000927ef4e8}: 'java.lang.Object java.lang.invoke.DirectMethodHandle$Holder.newInvokeSpecial(java.lang.Object, java.lang.Object, java.lang.Object, java.lang.Object, java.lang.Object, int, java.lang.Object)'> (0x00000000927ef4e8) 
thrown [s\src\hotspot\share\interpreter\linkResolver.cpp, line 815]
Event: 7.746 Thread 0x0000023af7a31330 Exception <a 'java/lang/NoSuchMethodError'{0x00000000927ffd10}: 'java.lang.Object java.lang.invoke.Invokers$Holder.linkToTargetMethod(java.lang.Object, java.lang.Object, java.lang.Object, java.lang.Object, int, java.lang.Object, java.lang.Object)'> (0x00000000927ffd10) 
thrown [s\src\hotspot\share\interpreter\linkResolver.cpp, line 815]

VM Operations (20 events):
Event: 7.286 Executing non-safepoint VM operation: HandshakeAllThreads (Deoptimize)
Event: 7.286 Executing non-safepoint VM operation: HandshakeAllThreads (Deoptimize) done
Event: 7.336 Executing non-safepoint VM operation: HandshakeAllThreads (Deoptimize)
Event: 7.337 Executing non-safepoint VM operation: HandshakeAllThreads (Deoptimize) done
Event: 7.348 Executing non-safepoint VM operation: HandshakeAllThreads (Deoptimize)
Event: 7.348 Executing non-safepoint VM operation: HandshakeAllThreads (Deoptimize) done
Event: 7.357 Executing non-safepoint VM operation: HandshakeAllThreads (Deoptimize)
Event: 7.357 Executing non-safepoint VM operation: HandshakeAllThreads (Deoptimize) done
Event: 7.361 Executing non-safepoint VM operation: HandshakeAllThreads (Deoptimize)
Event: 7.361 Executing non-safepoint VM operation: HandshakeAllThreads (Deoptimize) done
Event: 7.376 Executing non-safepoint VM operation: HandshakeAllThreads (Deoptimize)
Event: 7.376 Executing non-safepoint VM operation: HandshakeAllThreads (Deoptimize) done
Event: 7.425 Executing non-safepoint VM operation: HandshakeAllThreads (Deoptimize)
Event: 7.425 Executing non-safepoint VM operation: HandshakeAllThreads (Deoptimize) done
Event: 7.448 Executing non-safepoint VM operation: HandshakeAllThreads (Deoptimize)
Event: 7.448 Executing non-safepoint VM operation: HandshakeAllThreads (Deoptimize) done
Event: 7.521 Executing non-safepoint VM operation: HandshakeAllThreads (Deoptimize)
Event: 7.521 Executing non-safepoint VM operation: HandshakeAllThreads (Deoptimize) done
Event: 7.741 Executing non-safepoint VM operation: HandshakeAllThreads (Deoptimize)
Event: 7.741 Executing non-safepoint VM operation: HandshakeAllThreads (Deoptimize) done

Memory protections (0 events):
No events

Nmethod flushes (20 events):
Event: 7.187 Thread 0x0000023a91180440 flushing  nmethod 0x0000023a8052b708
Event: 7.187 Thread 0x0000023a91180440 flushing  nmethod 0x0000023a8052ba08
Event: 7.187 Thread 0x0000023a91180440 flushing  nmethod 0x0000023a80539388
Event: 7.187 Thread 0x0000023a91180440 flushing  nmethod 0x0000023a80539688
Event: 7.187 Thread 0x0000023a91180440 flushing  nmethod 0x0000023a8053a988
Event: 7.187 Thread 0x0000023a91180440 flushing  nmethod 0x0000023a8053b288
Event: 7.187 Thread 0x0000023a91180440 flushing  nmethod 0x0000023a8053bd08
Event: 7.187 Thread 0x0000023a91180440 flushing  nmethod 0x0000023a8053c008
Event: 7.187 Thread 0x0000023a91180440 flushing  nmethod 0x0000023a8053e688
Event: 7.187 Thread 0x0000023a91180440 flushing  nmethod 0x0000023a805b9508
Event: 7.187 Thread 0x0000023a91180440 flushing  nmethod 0x0000023a805f4388
Event: 7.187 Thread 0x0000023a91180440 flushing  nmethod 0x0000023a805f6c08
Event: 7.187 Thread 0x0000023a91180440 flushing  nmethod 0x0000023a80619808
Event: 7.187 Thread 0x0000023a91180440 flushing  nmethod 0x0000023a8061b808
Event: 7.187 Thread 0x0000023a91180440 flushing  nmethod 0x0000023a80659a08
Event: 7.187 Thread 0x0000023a91180440 flushing  nmethod 0x0000023a8065f308
Event: 7.187 Thread 0x0000023a91180440 flushing  nmethod 0x0000023a806ad488
Event: 7.187 Thread 0x0000023a91180440 flushing  nmethod 0x0000023a806c6688
Event: 7.187 Thread 0x0000023a91180440 flushing  nmethod 0x0000023a806c9488
Event: 7.187 Thread 0x0000023a91180440 flushing  nmethod 0x0000023a806ef588

Events (18 events):
Event: 0.014 Thread 0x0000023af7a31330 Thread added: 0x0000023af7a31330
Event: 0.047 Thread 0x0000023af7a31330 Thread added: 0x0000023a911a40a0
Event: 0.051 Thread 0x0000023af7a31330 Thread added: 0x0000023a911de2a0
Event: 0.051 Thread 0x0000023af7a31330 Thread added: 0x0000023a911b27a0
Event: 0.052 Thread 0x0000023af7a31330 Thread added: 0x0000023a911eefc0
Event: 0.052 Thread 0x0000023af7a31330 Thread added: 0x0000023a911ef780
Event: 0.052 Thread 0x0000023af7a31330 Thread added: 0x0000023a911bdf20
Event: 0.052 Thread 0x0000023af7a31330 Thread added: 0x0000023a911beae0
Event: 0.052 Thread 0x0000023af7a31330 Thread added: 0x0000023a911b7390
Event: 0.053 Thread 0x0000023af7a31330 Thread added: 0x0000023a911f8350
Event: 0.082 Thread 0x0000023af7a31330 Thread added: 0x0000023a91381590
Event: 0.091 Loaded shared library C:\Program Files\Android\Android Studio\jbr\bin\net.dll
Event: 0.093 Loaded shared library C:\Program Files\Android\Android Studio\jbr\bin\nio.dll
Event: 0.107 Thread 0x0000023a911b7390 Thread added: 0x0000023a913f7490
Event: 0.116 Loaded shared library C:\Program Files\Android\Android Studio\jbr\bin\zip.dll
Event: 0.164 Loaded shared library C:\Program Files\Android\Android Studio\jbr\bin\jimage.dll
Event: 0.332 Loaded shared library C:\Program Files\Android\Android Studio\jbr\bin\management.dll
Event: 0.335 Loaded shared library C:\Program Files\Android\Android Studio\jbr\bin\management_ext.dll


Dynamic libraries:
0x00007ff79d840000 - 0x00007ff79d84a000 	C:\Program Files\Android\Android Studio\jbr\bin\java.exe
0x00007fff3c360000 - 0x00007fff3c5c6000 	C:\WINDOWS\SYSTEM32\ntdll.dll
0x00007fff3ae00000 - 0x00007fff3aec9000 	C:\WINDOWS\System32\KERNEL32.DLL
0x00007fff39b90000 - 0x00007fff39f8e000 	C:\WINDOWS\System32\KERNELBASE.dll
0x00007fff39580000 - 0x00007fff396cc000 	C:\WINDOWS\System32\ucrtbase.dll
0x00007fff271a0000 - 0x00007fff271bb000 	C:\Program Files\Android\Android Studio\jbr\bin\VCRUNTIME140.dll
0x00007fff24fc0000 - 0x00007fff24fd6000 	C:\Program Files\Android\Android Studio\jbr\bin\jli.dll
0x00007fff3a0b0000 - 0x00007fff3a277000 	C:\WINDOWS\System32\USER32.dll
0x00007fff234d0000 - 0x00007fff23762000 	C:\WINDOWS\WinSxS\amd64_microsoft.windows.common-controls_6595b64144ccf1df_6.0.26100.8875_none_3e0d5d42e32fe9dd\COMCTL32.dll
0x00007fff39fa0000 - 0x00007fff39fc7000 	C:\WINDOWS\System32\win32u.dll
0x00007fff3b4d0000 - 0x00007fff3b579000 	C:\WINDOWS\System32\msvcrt.dll
0x00007fff3b6f0000 - 0x00007fff3b71b000 	C:\WINDOWS\System32\GDI32.dll
0x00007fff399b0000 - 0x00007fff39ada000 	C:\WINDOWS\System32\gdi32full.dll
0x00007fff39ae0000 - 0x00007fff39b83000 	C:\WINDOWS\System32\msvcp_win.dll
0x00007fff3ab80000 - 0x00007fff3abb2000 	C:\WINDOWS\System32\IMM32.DLL
0x00007fff32480000 - 0x00007fff3248c000 	C:\Program Files\Android\Android Studio\jbr\bin\vcruntime140_1.dll
0x00007ffe44f10000 - 0x00007ffe44f9d000 	C:\Program Files\Android\Android Studio\jbr\bin\msvcp140.dll
0x00007ffe1d8f0000 - 0x00007ffe1e7ca000 	C:\Program Files\Android\Android Studio\jbr\bin\server\jvm.dll
0x00007fff3b160000 - 0x00007fff3b217000 	C:\WINDOWS\System32\ADVAPI32.dll
0x00007fff3aee0000 - 0x00007fff3af8a000 	C:\WINDOWS\System32\sechost.dll
0x00007fff3b3b0000 - 0x00007fff3b4c8000 	C:\WINDOWS\System32\RPCRT4.dll
0x00007fff3b220000 - 0x00007fff3b2a0000 	C:\WINDOWS\System32\WS2_32.dll
0x00007fff393e0000 - 0x00007fff3943e000 	C:\WINDOWS\SYSTEM32\POWRPROF.dll
0x00007fff30a40000 - 0x00007fff30a76000 	C:\WINDOWS\SYSTEM32\WINMM.dll
0x00007fff31300000 - 0x00007fff3130b000 	C:\WINDOWS\SYSTEM32\VERSION.dll
0x00007fff393c0000 - 0x00007fff393d4000 	C:\WINDOWS\SYSTEM32\UMPDC.dll
0x00007fff38260000 - 0x00007fff3827b000 	C:\WINDOWS\SYSTEM32\kernel.appcore.dll
0x00007fff2c120000 - 0x00007fff2c12a000 	C:\Program Files\Android\Android Studio\jbr\bin\jimage.dll
0x00007fff36830000 - 0x00007fff36a72000 	C:\WINDOWS\SYSTEM32\DBGHELP.DLL
0x00007fff3a7f0000 - 0x00007fff3ab73000 	C:\WINDOWS\System32\combase.dll
0x00007fff3b2d0000 - 0x00007fff3b3a9000 	C:\WINDOWS\System32\OLEAUT32.dll
0x00007fff1e7e0000 - 0x00007fff1e81b000 	C:\WINDOWS\SYSTEM32\dbgcore.DLL
0x00007fff398f0000 - 0x00007fff3999c000 	C:\WINDOWS\System32\bcryptPrimitives.dll
0x00007fff27020000 - 0x00007fff2703f000 	C:\Program Files\Android\Android Studio\jbr\bin\java.dll
0x00007fff3b9e0000 - 0x00007fff3bb79000 	C:\WINDOWS\System32\ole32.dll
0x00007fff3bb80000 - 0x00007fff3c312000 	C:\WINDOWS\System32\SHELL32.dll
0x00007fff27000000 - 0x00007fff27017000 	C:\Program Files\Android\Android Studio\jbr\bin\zip.dll
0x00007fff37010000 - 0x00007fff378a2000 	C:\WINDOWS\SYSTEM32\windows.storage.dll
0x00007fff3b790000 - 0x00007fff3b887000 	C:\WINDOWS\System32\SHCORE.dll
0x00007fff3b720000 - 0x00007fff3b787000 	C:\WINDOWS\System32\shlwapi.dll
0x00007fff394a0000 - 0x00007fff394c9000 	C:\WINDOWS\SYSTEM32\profapi.dll
0x00007fff324b0000 - 0x00007fff324c0000 	C:\Program Files\Android\Android Studio\jbr\bin\net.dll
0x00007fff38810000 - 0x00007fff3887c000 	C:\WINDOWS\system32\mswsock.dll
0x00007fff32490000 - 0x00007fff324a6000 	C:\Program Files\Android\Android Studio\jbr\bin\nio.dll
0x00007fff272c0000 - 0x00007fff272c9000 	C:\Program Files\Android\Android Studio\jbr\bin\management.dll
0x00007fff26ff0000 - 0x00007fff26ffb000 	C:\Program Files\Android\Android Studio\jbr\bin\management_ext.dll
0x00007fff3af90000 - 0x00007fff3af98000 	C:\WINDOWS\System32\PSAPI.DLL
0x00007fff25d40000 - 0x00007fff25d50000 	C:\Program Files\Android\Android Studio\jbr\bin\verify.dll

JVMTI agents: none

dbghelp: loaded successfully - version: 4.0.5 - missing functions: none
symbol engine: initialized successfully - sym options: 0x614 - pdb path: .;C:\Program Files\Android\Android Studio\jbr\bin;C:\WINDOWS\SYSTEM32;C:\WINDOWS\WinSxS\amd64_microsoft.windows.common-controls_6595b64144ccf1df_6.0.26100.8875_none_3e0d5d42e32fe9dd;C:\Program Files\Android\Android Studio\jbr\bin\server

VM Arguments:
java_command: org.jetbrains.kotlin.cli.jvm.K2JVMCompiler @C:\Users\Pili\AndroidStudioProjects\Proyecto_mobil\app\build\20260916_6830063485330819301.compiler.options
java_class_path (initial): C:\Users\Pili\.gradle\caches\modules-2\files-2.1\org.jetbrains.kotlin\kotlin-compiler-embeddable\2.2.10\6882d39ef03b18879c1a5d2a83c2212361bed5fe\kotlin-compiler-embeddable-2.2.10.jar;C:\Users\Pili\.gradle\caches\modules-2\files-2.1\org.jetbrains.kotlin\kotlin-stdlib\2.2.10\30de6faa127a4a012db8e71bf1b9c0a99b1402b2\kotlin-stdlib-2.2.10.jar;C:\Users\Pili\.gradle\caches\modules-2\files-2.1\org.jetbrains.kotlin\kotlin-script-runtime\2.2.10\712f9bc08f378c13a4a00f0bbb28c76e59183e83\kotlin-script-runtime-2.2.10.jar;C:\Users\Pili\.gradle\caches\modules-2\files-2.1\org.jetbrains.kotlin\kotlin-reflect\1.6.10\1cbe9c92c12a94eea200d23c2bbaedaf3daf5132\kotlin-reflect-1.6.10.jar;C:\Users\Pili\.gradle\caches\modules-2\files-2.1\org.jetbrains.kotlin\kotlin-daemon-embeddable\2.2.10\212fd3c2c6e4e5d0f4db3c4191233e2b622380cc\kotlin-daemon-embeddable-2.2.10.jar;C:\Users\Pili\.gradle\caches\modules-2\files-2.1\org.jetbrains.kotlinx\kotlinx-coroutines-core-jvm\1.8.0\ac1dc37a30a93150b704022f8d895ee1bd3a36b3\kotlinx-coroutines-core-jvm-1.8.0.jar;C:\Users\Pili\.gradle\caches\modules-2\files-2.1\org.jetbrains\annotations\13.0\919f0dfe192fb4e063e7dacadee7f8bb9a2672a9\annotations-13.0.jar
Launcher Type: SUN_STANDARD

[Global flags]
     intx CICompilerCount                          = 3                                         {product} {ergonomic}
     uint ConcGCThreads                            = 2                                         {product} {ergonomic}
     uint G1ConcRefinementThreads                  = 6                                         {product} {ergonomic}
   size_t G1HeapRegionSize                         = 1048576                                   {product} {ergonomic}
   size_t InitialHeapSize                          = 123731968                                 {product} {ergonomic}
   size_t MarkStackSize                            = 4194304                                   {product} {ergonomic}
   size_t MarkStackSizeMax                         = 536870912                                 {product} {ergonomic}
   size_t MaxHeapSize                              = 1977614336                                {product} {ergonomic}
   size_t MaxNewSize                               = 1185939456                                {product} {ergonomic}
   size_t MinHeapDeltaBytes                        = 1048576                                   {product} {ergonomic}
   size_t MinHeapSize                              = 8388608                                   {product} {ergonomic}
    uintx NonNMethodCodeHeapSize                   = 5832704                                {pd product} {ergonomic}
    uintx NonProfiledCodeHeapSize                  = 122945536                              {pd product} {ergonomic}
    uintx ProfiledCodeHeapSize                     = 122880000                              {pd product} {ergonomic}
    uintx ReservedCodeCacheSize                    = 251658240                              {pd product} {ergonomic}
     bool SegmentedCodeCache                       = true                                      {product} {ergonomic}
   size_t SoftMaxHeapSize                          = 1977614336                             {manageable} {ergonomic}
     bool UseCompressedOops                        = true                           {product lp64_product} {ergonomic}
     bool UseG1GC                                  = true                                      {product} {ergonomic}
     bool UseLargePagesIndividualAllocation        = false                                  {pd product} {ergonomic}

Logging:
Log output configuration:
 #0: stdout all=warning uptime,level,tags foldmultilines=false
 #1: stderr all=off uptime,level,tags foldmultilines=false

Release file:
JAVA_VERSION="25.0.2" 
MODULES="java.base java.compiler java.datatransfer java.xml java.prefs java.desktop java.instrument java.logging java.management java.security.sasl java.naming java.rmi java.management.rmi java.net.http java.scripting java.security.jgss java.transaction.xa java.sql java.sql.rowset java.xml.crypto java.se java.smartcardio jdk.accessibility jdk.internal.jvmstat jdk.attach jdk.charsets jdk.internal.opt jdk.zipfs jdk.compiler jdk.crypto.cryptoki jdk.crypto.ec jdk.dynalink jdk.hotspot.agent jdk.httpserver jdk.internal.ed jdk.internal.le jdk.internal.md jdk.internal.vm.ci jdk.jartool jdk.javadoc jdk.jcmd jdk.jdeps jdk.jdwp.agent jdk.jdi jdk.jfr jdk.jlink jdk.localedata jdk.management jdk.management.agent jdk.management.jfr jdk.naming.dns jdk.naming.rmi jdk.net jdk.sctp jdk.security.auth jdk.security.jgss jdk.unsupported jdk.unsupported.desktop jdk.xml.dom" 
IMPLEMENTOR="JetBrains s.r.o." 
JAVA_RUNTIME_VERSION="25.0.2+-15348964-b329.117" 
LIBC="default" 
OS_ARCH="x86_64" 
OS_NAME="Windows" 
SOURCE=".:git:3cf398e84a39" 

Environment Variables:
JAVA_HOME=C:\Program Files\Java\jdk-21
PATH=C:\Program Files\Common Files\Oracle\Java\javapath;C:\WINDOWS\system32;C:\WINDOWS;C:\WINDOWS\System32\Wbem;C:\WINDOWS\System32\WindowsPowerShell\v1.0\;C:\WINDOWS\System32\OpenSSH\;C:\Program Files\dotnet\;C:\Program Files\Microsoft SQL Server\150\Tools\Binn\;C:\Program Files\Git\cmd;C:\Program Files\Java\jdk-21\bin;C:\Program Files\nodejs\;C:\Users\Pili\.mimocode\bin;C:\Program Files\MySQL\MySQL Shell 8.0\bin\;C:\Users\Pili\AppData\Local\Microsoft\WindowsApps;C:\Users\Pili\AppData\Local\Programs\Microsoft VS Code\bin;C:\Users\Pili\.dotnet\tools;C:\Users\Pili\AppData\Local\JetBrains\Toolbox\scripts;C:\Users\Pili\AppData\Roaming\npm
USERNAME=Pili
OS=Windows_NT
PROCESSOR_IDENTIFIER=AMD64 Family 23 Model 96 Stepping 1, AuthenticAMD
TMP=C:\Users\Pili\AppData\Local\Temp
TEMP=C:\Users\Pili\AppData\Local\Temp




Compilation memory statistics disabled.

Periodic native trim disabled

JNI global refs:
JNI global refs: 10, weak refs: 4

JNI global refs memory usage: 835, weak refs: 833

Process memory usage:
Resident Set Size: 422200K (5% of 7723828K total physical memory with 399244K free physical memory)

OOME stack traces (most recent first):
Classloader memory used:
Loader jdk.internal.loader.ClassLoaders$AppClassLoader                                 : 68063 K
Loader bootstrap                                                                       : 12757 K
Loader jdk.internal.jrtfs.JrtFileSystemProvider$JrtFsLoader                            : 312 K
Loader jdk.internal.loader.ClassLoaders$PlatformClassLoader                            : 67024 B

Classes loaded by more than one classloader:
Class jdk.internal.jimage.BasicImageReader                                            : loaded 2 times (x 97B)
Class jdk.internal.jimage.decompressor.StringSharingDecompressorFactory               : loaded 2 times (x 76B)
Class jdk.internal.jrtfs.JrtFileSystemProvider                                        : loaded 2 times (x 103B)
Class jdk.internal.jimage.ImageLocation                                               : loaded 2 times (x 92B)
Class jdk.internal.jimage.ImageBufferCache$1                                          : loaded 2 times (x 84B)
Class jdk.internal.jimage.ImageBufferCache$2                                          : loaded 2 times (x 93B)
Class jdk.internal.jimage.ImageHeader                                                 : loaded 2 times (x 73B)
Class jdk.internal.jimage.decompressor.ResourceDecompressor                           : loaded 2 times (x 72B)
Class jdk.internal.jimage.ImageStringsReader                                          : loaded 2 times (x 82B)
Class jdk.internal.jimage.ImageReader                                                 : loaded 2 times (x 77B)
Class jdk.internal.jimage.ImageReader$SharedImageReader                               : loaded 2 times (x 97B)
Class jdk.internal.jimage.decompressor.ResourceDecompressorFactory                    : loaded 2 times (x 76B)
Class jdk.internal.jimage.ImageReader$Node                                            : loaded 2 times (x 86B)
Class jdk.internal.jimage.BasicImageReader$1                                          : loaded 2 times (x 79B)
Class jdk.internal.jimage.decompressor.Decompressor                                   : loaded 2 times (x 74B)
Class jdk.internal.jimage.ImageBufferCache                                            : loaded 2 times (x 73B)
Class jdk.internal.jrtfs.JrtPath                                                      : loaded 2 times (x 124B)
Class jdk.internal.jimage.decompressor.ResourceDecompressorRepository                 : loaded 2 times (x 73B)
Class jdk.internal.jimage.ImageReader$Directory                                       : loaded 2 times (x 86B)
Class jdk.internal.jimage.decompressor.ZipDecompressorFactory                         : loaded 2 times (x 76B)
Class jdk.internal.jimage.decompressor.ZipDecompressor                                : loaded 2 times (x 77B)
Class jdk.internal.jimage.ImageStrings                                                : loaded 2 times (x 72B)
Class jdk.internal.jrtfs.JrtFileSystem                                                : loaded 2 times (x 104B)
Class jdk.internal.jimage.decompressor.CompressedResourceHeader                       : loaded 2 times (x 73B)
Class jdk.internal.jimage.decompressor.ResourceDecompressor$StringsProvider           : loaded 2 times (x 72B)

---------------  S Y S T E M  ---------------

OS:
 Windows 11 , 64 bit Build 26100 (10.0.26100.8875)
OS uptime: 0 days 11:26 hours
Hyper-V role detected

CPU: total 6 (initial active 6) (6 cores per cpu, 1 threads per core) family 23 model 96 stepping 1 microcode 0x8600106, cx8, cmov, fxsr, mmx, 3dnowpref, sse, sse2, sse3, ssse3, sse4a, sse4.1, sse4.2, popcnt, lzcnt, tsc, tscinvbit, avx, avx2, aes, clmul, bmi1, bmi2, adx, sha, fma, vzeroupper, clflush, clflushopt, clwb, hv, rdtscp, rdpid, f16c
Processor Information for the first 6 processors :
  Max Mhz: 2375, Current Mhz: 2375, Mhz Limit: 2375

Memory: 4k page, system-wide physical 7542M (383M free)
TotalPageFile size 17475M (AvailPageFile size 12M)
current process WorkingSet (physical memory assigned to process): 407M, peak: 413M
current process commit charge ("private bytes"): 430M, peak: 439M

vm_info: OpenJDK 64-Bit Server VM (25.0.2+-15348964-b329.117) for windows-amd64 JRE (25.0.2+-15348964-b329.117), built on 2026-05-05T18:25:19Z with MS VC++ 16.10 / 16.11 (VS2019)

END.
